
   PASS  Tests\Unit\ExampleTest
  Ô£ô that true is true

   FAIL  Tests\Feature\Auth\AuthenticationTest
  Ô¿» login screen can be rendered
  Ô¿» users can authenticate using the login screen
  Ô¿» users can not authenticate with invalid password
  Ô¿» users can logout

   FAIL  Tests\Feature\Auth\EmailVerificationTest
  Ô¿» email verification screen can be rendered
  Ô¿» email can be verified
  Ô¿» email is not verified with invalid hash

   FAIL  Tests\Feature\Auth\PasswordConfirmationTest
  Ô¿» confirm password screen can be rendered
  Ô¿» password can be confirmed
  Ô¿» password is not confirmed with invalid password

   FAIL  Tests\Feature\Auth\PasswordResetTest
  Ô¿» reset password link screen can be rendered
  Ô¿» reset password link can be requested
  Ô¿» reset password screen can be rendered
  Ô¿» password can be reset with valid token

   FAIL  Tests\Feature\Auth\PasswordUpdateTest
  Ô¿» password can be updated
  Ô¿» correct password must be provided to update password

   FAIL  Tests\Feature\Auth\RegistrationTest
  Ô¿» registration screen can be rendered
  Ô¿» new users can register

   PASS  Tests\Feature\ExampleTest
  Ô£ô the applicaÔÇª 0.05s  

   FAIL  Tests\Feature\ProfileTest
  Ô¿» profile page is displayed
  Ô¿» profile information can be updated
  Ô¿» email verification status is unchanged when the email address is unchanged
  Ô¿» user can delete their account
  Ô¿» correct password must be provided to delete account
  ÔöÇÔöÇÔöÇÔöÇÔöÇÔöÇÔöÇÔöÇÔöÇÔöÇÔöÇÔöÇÔöÇÔöÇÔöÇÔöÇÔöÇÔöÇÔöÇÔöÇ  
   FÔÇª  QueryException   
  could not find driver (Connection: sqlite, SQL: select exists (select 1 from "main".sqlite_master where name = 'migrations' and type = 'table') as "exists")

  at vendor\laravel\framework\src\Illuminate\Database\Connection.php:824
    820Ôûò                     $this->getName(), $query, $this->prepareBindings($bindings), $e
    821Ôûò                 );
    822Ôûò             }
    823Ôûò 
  Ô×£ 824Ôûò             throw new QueryException(
    825Ôûò                 $this->getName(), $query, $this->prepareBindings($bindings), $e
    826Ôûò             );
    827Ôûò         }
    828Ôûò     }

  1   vendor\laravel\framework\src\Illuminate\Database\Connection.php:824

  2   vendor\laravel\framework\src\Illuminate\Database\Connectors\Connector.php:66
      NunoMaduro\Collision\Exceptions\TestException::("could not find driver")

  ÔöÇÔöÇÔöÇÔöÇÔöÇÔöÇÔöÇÔöÇÔöÇÔöÇÔöÇÔöÇÔöÇÔöÇÔöÇÔöÇÔöÇÔöÇÔöÇÔöÇ  
   FÔÇª  QueryException   
  could not find driver (Connection: sqlite, SQL: select exists (select 1 from "main".sqlite_master where name = 'migrations' and type = 'table') as "exists")

  at vendor\laravel\framework\src\Illuminate\Database\Connection.php:824
    820Ôûò                     $this->getName(), $query, $this->prepareBindings($bindings), $e
    821Ôûò                 );
    822Ôûò             }
    823Ôûò 
  Ô×£ 824Ôûò             throw new QueryException(
    825Ôûò                 $this->getName(), $query, $this->prepareBindings($bindings), $e
    826Ôûò             );
    827Ôûò         }
    828Ôûò     }

  1   vendor\laravel\framework\src\Illuminate\Database\Connection.php:824

  2   vendor\laravel\framework\src\Illuminate\Database\Connectors\Connector.php:66
      NunoMaduro\Collision\Exceptions\TestException::("could not find driver")

  ÔöÇÔöÇÔöÇÔöÇÔöÇÔöÇÔöÇÔöÇÔöÇÔöÇÔöÇÔöÇÔöÇÔöÇÔöÇÔöÇÔöÇÔöÇÔöÇÔöÇ  
   FÔÇª  QueryException   
  could not find driver (Connection: sqlite, SQL: select exists (select 1 from "main".sqlite_master where name = 'migrations' and type = 'table') as "exists")

  at vendor\laravel\framework\src\Illuminate\Database\Connection.php:824
    820Ôûò                     $this->getName(), $query, $this->prepareBindings($bindings), $e
    821Ôûò                 );
    822Ôûò             }
    823Ôûò 
  Ô×£ 824Ôûò             throw new QueryException(
    825Ôûò                 $this->getName(), $query, $this->prepareBindings($bindings), $e
    826Ôûò             );
    827Ôûò         }
    828Ôûò     }

  1   vendor\laravel\framework\src\Illuminate\Database\Connection.php:824

  2   vendor\laravel\framework\src\Illuminate\Database\Connectors\Connector.php:66
      NunoMaduro\Collision\Exceptions\TestException::("could not find driver")

  ÔöÇÔöÇÔöÇÔöÇÔöÇÔöÇÔöÇÔöÇÔöÇÔöÇÔöÇÔöÇÔöÇÔöÇÔöÇÔöÇÔöÇÔöÇÔöÇÔöÇ  
   FÔÇª  QueryException   
  could not find driver (Connection: sqlite, SQL: select exists (select 1 from "main".sqlite_master where name = 'migrations' and type = 'table') as "exists")

  at vendor\laravel\framework\src\Illuminate\Database\Connection.php:824
    820Ôûò                     $this->getName(), $query, $this->prepareBindings($bindings), $e
    821Ôûò                 );
    822Ôûò             }
    823Ôûò 
  Ô×£ 824Ôûò             throw new QueryException(
    825Ôûò                 $this->getName(), $query, $this->prepareBindings($bindings), $e
    826Ôûò             );
    827Ôûò         }
    828Ôûò     }

  1   vendor\laravel\framework\src\Illuminate\Database\Connection.php:824

  2   vendor\laravel\framework\src\Illuminate\Database\Connectors\Connector.php:66
      NunoMaduro\Collision\Exceptions\TestException::("could not find driver")

  ÔöÇÔöÇÔöÇÔöÇÔöÇÔöÇÔöÇÔöÇÔöÇÔöÇÔöÇÔöÇÔöÇÔöÇÔöÇÔöÇÔöÇÔöÇÔöÇÔöÇ  
   FÔÇª  QueryException   
  could not find driver (Connection: sqlite, SQL: select exists (select 1 from "main".sqlite_master where name = 'migrations' and type = 'table') as "exists")

  at vendor\laravel\framework\src\Illuminate\Database\Connection.php:824
    820Ôûò                     $this->getName(), $query, $this->prepareBindings($bindings), $e
    821Ôûò                 );
    822Ôûò             }
    823Ôûò 
  Ô×£ 824Ôûò             throw new QueryException(
    825Ôûò                 $this->getName(), $query, $this->prepareBindings($bindings), $e
    826Ôûò             );
    827Ôûò         }
    828Ôûò     }

  1   vendor\laravel\framework\src\Illuminate\Database\Connection.php:824

  2   vendor\laravel\framework\src\Illuminate\Database\Connectors\Connector.php:66
      NunoMaduro\Collision\Exceptions\TestException::("could not find driver")

  ÔöÇÔöÇÔöÇÔöÇÔöÇÔöÇÔöÇÔöÇÔöÇÔöÇÔöÇÔöÇÔöÇÔöÇÔöÇÔöÇÔöÇÔöÇÔöÇÔöÇ  
   FÔÇª  QueryException   
  could not find driver (Connection: sqlite, SQL: select exists (select 1 from "main".sqlite_master where name = 'migrations' and type = 'table') as "exists")

  at vendor\laravel\framework\src\Illuminate\Database\Connection.php:824
    820Ôûò                     $this->getName(), $query, $this->prepareBindings($bindings), $e
    821Ôûò                 );
    822Ôûò             }
    823Ôûò 
  Ô×£ 824Ôûò             throw new QueryException(
    825Ôûò                 $this->getName(), $query, $this->prepareBindings($bindings), $e
    826Ôûò             );
    827Ôûò         }
    828Ôûò     }

  1   vendor\laravel\framework\src\Illuminate\Database\Connection.php:824

  2   vendor\laravel\framework\src\Illuminate\Database\Connectors\Connector.php:66
      NunoMaduro\Collision\Exceptions\TestException::("could not find driver")

  ÔöÇÔöÇÔöÇÔöÇÔöÇÔöÇÔöÇÔöÇÔöÇÔöÇÔöÇÔöÇÔöÇÔöÇÔöÇÔöÇÔöÇÔöÇÔöÇÔöÇ  
   FÔÇª  QueryException   
  could not find driver (Connection: sqlite, SQL: select exists (select 1 from "main".sqlite_master where name = 'migrations' and type = 'table') as "exists")

  at vendor\laravel\framework\src\Illuminate\Database\Connection.php:824
    820Ôûò                     $this->getName(), $query, $this->prepareBindings($bindings), $e
    821Ôûò                 );
    822Ôûò             }
    823Ôûò 
  Ô×£ 824Ôûò             throw new QueryException(
    825Ôûò                 $this->getName(), $query, $this->prepareBindings($bindings), $e
    826Ôûò             );
    827Ôûò         }
    828Ôûò     }

  1   vendor\laravel\framework\src\Illuminate\Database\Connection.php:824

  2   vendor\laravel\framework\src\Illuminate\Database\Connectors\Connector.php:66
      NunoMaduro\Collision\Exceptions\TestException::("could not find driver")

  ÔöÇÔöÇÔöÇÔöÇÔöÇÔöÇÔöÇÔöÇÔöÇÔöÇÔöÇÔöÇÔöÇÔöÇÔöÇÔöÇÔöÇÔöÇÔöÇÔöÇ  
   FÔÇª  QueryException   
  could not find driver (Connection: sqlite, SQL: select exists (select 1 from "main".sqlite_master where name = 'migrations' and type = 'table') as "exists")

  at vendor\laravel\framework\src\Illuminate\Database\Connection.php:824
    820Ôûò                     $this->getName(), $query, $this->prepareBindings($bindings), $e
    821Ôûò                 );
    822Ôûò             }
    823Ôûò 
  Ô×£ 824Ôûò             throw new QueryException(
    825Ôûò                 $this->getName(), $query, $this->prepareBindings($bindings), $e
    826Ôûò             );
    827Ôûò         }
    828Ôûò     }

  1   vendor\laravel\framework\src\Illuminate\Database\Connection.php:824

  2   vendor\laravel\framework\src\Illuminate\Database\Connectors\Connector.php:66
      NunoMaduro\Collision\Exceptions\TestException::("could not find driver")

  ÔöÇÔöÇÔöÇÔöÇÔöÇÔöÇÔöÇÔöÇÔöÇÔöÇÔöÇÔöÇÔöÇÔöÇÔöÇÔöÇÔöÇÔöÇÔöÇÔöÇ  
   FÔÇª  QueryException   
  could not find driver (Connection: sqlite, SQL: select exists (select 1 from "main".sqlite_master where name = 'migrations' and type = 'table') as "exists")

  at vendor\laravel\framework\src\Illuminate\Database\Connection.php:824
    820Ôûò                     $this->getName(), $query, $this->prepareBindings($bindings), $e
    821Ôûò                 );
    822Ôûò             }
    823Ôûò 
  Ô×£ 824Ôûò             throw new QueryException(
    825Ôûò                 $this->getName(), $query, $this->prepareBindings($bindings), $e
    826Ôûò             );
    827Ôûò         }
    828Ôûò     }

  1   vendor\laravel\framework\src\Illuminate\Database\Connection.php:824

  2   vendor\laravel\framework\src\Illuminate\Database\Connectors\Connector.php:66
      NunoMaduro\Collision\Exceptions\TestException::("could not find driver")

  ÔöÇÔöÇÔöÇÔöÇÔöÇÔöÇÔöÇÔöÇÔöÇÔöÇÔöÇÔöÇÔöÇÔöÇÔöÇÔöÇÔöÇÔöÇÔöÇÔöÇ  
   FÔÇª  QueryException   
  could not find driver (Connection: sqlite, SQL: select exists (select 1 from "main".sqlite_master where name = 'migrations' and type = 'table') as "exists")

  at vendor\laravel\framework\src\Illuminate\Database\Connection.php:824
    820Ôûò                     $this->getName(), $query, $this->prepareBindings($bindings), $e
    821Ôûò                 );
    822Ôûò             }
    823Ôûò 
  Ô×£ 824Ôûò             throw new QueryException(
    825Ôûò                 $this->getName(), $query, $this->prepareBindings($bindings), $e
    826Ôûò             );
    827Ôûò         }
    828Ôûò     }

  1   vendor\laravel\framework\src\Illuminate\Database\Connection.php:824

  2   vendor\laravel\framework\src\Illuminate\Database\Connectors\Connector.php:66
      NunoMaduro\Collision\Exceptions\TestException::("could not find driver")

  ÔöÇÔöÇÔöÇÔöÇÔöÇÔöÇÔöÇÔöÇÔöÇÔöÇÔöÇÔöÇÔöÇÔöÇÔöÇÔöÇÔöÇÔöÇÔöÇÔöÇ  
   FÔÇª  QueryException   
  could not find driver (Connection: sqlite, SQL: select exists (select 1 from "main".sqlite_master where name = 'migrations' and type = 'table') as "exists")

  at vendor\laravel\framework\src\Illuminate\Database\Connection.php:824
    820Ôûò                     $this->getName(), $query, $this->prepareBindings($bindings), $e
    821Ôûò                 );
    822Ôûò             }
    823Ôûò 
  Ô×£ 824Ôûò             throw new QueryException(
    825Ôûò                 $this->getName(), $query, $this->prepareBindings($bindings), $e
    826Ôûò             );
    827Ôûò         }
    828Ôûò     }

  1   vendor\laravel\framework\src\Illuminate\Database\Connection.php:824

  2   vendor\laravel\framework\src\Illuminate\Database\Connectors\Connector.php:66
      NunoMaduro\Collision\Exceptions\TestException::("could not find driver")

  ÔöÇÔöÇÔöÇÔöÇÔöÇÔöÇÔöÇÔöÇÔöÇÔöÇÔöÇÔöÇÔöÇÔöÇÔöÇÔöÇÔöÇÔöÇÔöÇÔöÇ  
   FÔÇª  QueryException   
  could not find driver (Connection: sqlite, SQL: select exists (select 1 from "main".sqlite_master where name = 'migrations' and type = 'table') as "exists")

  at vendor\laravel\framework\src\Illuminate\Database\Connection.php:824
    820Ôûò                     $this->getName(), $query, $this->prepareBindings($bindings), $e
    821Ôûò                 );
    822Ôûò             }
    823Ôûò 
  Ô×£ 824Ôûò             throw new QueryException(
    825Ôûò                 $this->getName(), $query, $this->prepareBindings($bindings), $e
    826Ôûò             );
    827Ôûò         }
    828Ôûò     }

  1   vendor\laravel\framework\src\Illuminate\Database\Connection.php:824

  2   vendor\laravel\framework\src\Illuminate\Database\Connectors\Connector.php:66
      NunoMaduro\Collision\Exceptions\TestException::("could not find driver")

  ÔöÇÔöÇÔöÇÔöÇÔöÇÔöÇÔöÇÔöÇÔöÇÔöÇÔöÇÔöÇÔöÇÔöÇÔöÇÔöÇÔöÇÔöÇÔöÇÔöÇ  
   FÔÇª  QueryException   
  could not find driver (Connection: sqlite, SQL: select exists (select 1 from "main".sqlite_master where name = 'migrations' and type = 'table') as "exists")

  at vendor\laravel\framework\src\Illuminate\Database\Connection.php:824
    820Ôûò                     $this->getName(), $query, $this->prepareBindings($bindings), $e
    821Ôûò                 );
    822Ôûò             }
    823Ôûò 
  Ô×£ 824Ôûò             throw new QueryException(
    825Ôûò                 $this->getName(), $query, $this->prepareBindings($bindings), $e
    826Ôûò             );
    827Ôûò         }
    828Ôûò     }

  1   vendor\laravel\framework\src\Illuminate\Database\Connection.php:824

  2   vendor\laravel\framework\src\Illuminate\Database\Connectors\Connector.php:66
      NunoMaduro\Collision\Exceptions\TestException::("could not find driver")

  ÔöÇÔöÇÔöÇÔöÇÔöÇÔöÇÔöÇÔöÇÔöÇÔöÇÔöÇÔöÇÔöÇÔöÇÔöÇÔöÇÔöÇÔöÇÔöÇÔöÇ  
   FÔÇª  QueryException   
  could not find driver (Connection: sqlite, SQL: select exists (select 1 from "main".sqlite_master where name = 'migrations' and type = 'table') as "exists")

  at vendor\laravel\framework\src\Illuminate\Database\Connection.php:824
    820Ôûò                     $this->getName(), $query, $this->prepareBindings($bindings), $e
    821Ôûò                 );
    822Ôûò             }
    823Ôûò 
  Ô×£ 824Ôûò             throw new QueryException(
    825Ôûò                 $this->getName(), $query, $this->prepareBindings($bindings), $e
    826Ôûò             );
    827Ôûò         }
    828Ôûò     }

  1   vendor\laravel\framework\src\Illuminate\Database\Connection.php:824

  2   vendor\laravel\framework\src\Illuminate\Database\Connectors\Connector.php:66
      NunoMaduro\Collision\Exceptions\TestException::("could not find driver")

  ÔöÇÔöÇÔöÇÔöÇÔöÇÔöÇÔöÇÔöÇÔöÇÔöÇÔöÇÔöÇÔöÇÔöÇÔöÇÔöÇÔöÇÔöÇÔöÇÔöÇ  
   FÔÇª  QueryException   
  could not find driver (Connection: sqlite, SQL: select exists (select 1 from "main".sqlite_master where name = 'migrations' and type = 'table') as "exists")

  at vendor\laravel\framework\src\Illuminate\Database\Connection.php:824
    820Ôûò                     $this->getName(), $query, $this->prepareBindings($bindings), $e
    821Ôûò                 );
    822Ôûò             }
    823Ôûò 
  Ô×£ 824Ôûò             throw new QueryException(
    825Ôûò                 $this->getName(), $query, $this->prepareBindings($bindings), $e
    826Ôûò             );
    827Ôûò         }
    828Ôûò     }

  1   vendor\laravel\framework\src\Illuminate\Database\Connection.php:824

  2   vendor\laravel\framework\src\Illuminate\Database\Connectors\Connector.php:66
      NunoMaduro\Collision\Exceptions\TestException::("could not find driver")

  ÔöÇÔöÇÔöÇÔöÇÔöÇÔöÇÔöÇÔöÇÔöÇÔöÇÔöÇÔöÇÔöÇÔöÇÔöÇÔöÇÔöÇÔöÇÔöÇÔöÇ  
   FÔÇª  QueryException   
  could not find driver (Connection: sqlite, SQL: select exists (select 1 from "main".sqlite_master where name = 'migrations' and type = 'table') as "exists")

  at vendor\laravel\framework\src\Illuminate\Database\Connection.php:824
    820Ôûò                     $this->getName(), $query, $this->prepareBindings($bindings), $e
    821Ôûò                 );
    822Ôûò             }
    823Ôûò 
  Ô×£ 824Ôûò             throw new QueryException(
    825Ôûò                 $this->getName(), $query, $this->prepareBindings($bindings), $e
    826Ôûò             );
    827Ôûò         }
    828Ôûò     }

  1   vendor\laravel\framework\src\Illuminate\Database\Connection.php:824

  2   vendor\laravel\framework\src\Illuminate\Database\Connectors\Connector.php:66
      NunoMaduro\Collision\Exceptions\TestException::("could not find driver")

  ÔöÇÔöÇÔöÇÔöÇÔöÇÔöÇÔöÇÔöÇÔöÇÔöÇÔöÇÔöÇÔöÇÔöÇÔöÇÔöÇÔöÇÔöÇÔöÇÔöÇ  
   FÔÇª  QueryException   
  could not find driver (Connection: sqlite, SQL: select exists (select 1 from "main".sqlite_master where name = 'migrations' and type = 'table') as "exists")

  at vendor\laravel\framework\src\Illuminate\Database\Connection.php:824
    820Ôûò                     $this->getName(), $query, $this->prepareBindings($bindings), $e
    821Ôûò                 );
    822Ôûò             }
    823Ôûò 
  Ô×£ 824Ôûò             throw new QueryException(
    825Ôûò                 $this->getName(), $query, $this->prepareBindings($bindings), $e
    826Ôûò             );
    827Ôûò         }
    828Ôûò     }

  1   vendor\laravel\framework\src\Illuminate\Database\Connection.php:824

  2   vendor\laravel\framework\src\Illuminate\Database\Connectors\Connector.php:66
      NunoMaduro\Collision\Exceptions\TestException::("could not find driver")

  ÔöÇÔöÇÔöÇÔöÇÔöÇÔöÇÔöÇÔöÇÔöÇÔöÇÔöÇÔöÇÔöÇÔöÇÔöÇÔöÇÔöÇÔöÇÔöÇÔöÇ  
   FÔÇª  QueryException   
  could not find driver (Connection: sqlite, SQL: select exists (select 1 from "main".sqlite_master where name = 'migrations' and type = 'table') as "exists")

  at vendor\laravel\framework\src\Illuminate\Database\Connection.php:824
    820Ôûò                     $this->getName(), $query, $this->prepareBindings($bindings), $e
    821Ôûò                 );
    822Ôûò             }
    823Ôûò 
  Ô×£ 824Ôûò             throw new QueryException(
    825Ôûò                 $this->getName(), $query, $this->prepareBindings($bindings), $e
    826Ôûò             );
    827Ôûò         }
    828Ôûò     }

  1   vendor\laravel\framework\src\Illuminate\Database\Connection.php:824

  2   vendor\laravel\framework\src\Illuminate\Database\Connectors\Connector.php:66
      NunoMaduro\Collision\Exceptions\TestException::("could not find driver")

  ÔöÇÔöÇÔöÇÔöÇÔöÇÔöÇÔöÇÔöÇÔöÇÔöÇÔöÇÔöÇÔöÇÔöÇÔöÇÔöÇÔöÇÔöÇÔöÇÔöÇ  
   FÔÇª  QueryException   
  could not find driver (Connection: sqlite, SQL: select exists (select 1 from "main".sqlite_master where name = 'migrations' and type = 'table') as "exists")

  at vendor\laravel\framework\src\Illuminate\Database\Connection.php:824
    820Ôûò                     $this->getName(), $query, $this->prepareBindings($bindings), $e
    821Ôûò                 );
    822Ôûò             }
    823Ôûò 
  Ô×£ 824Ôûò             throw new QueryException(
    825Ôûò                 $this->getName(), $query, $this->prepareBindings($bindings), $e
    826Ôûò             );
    827Ôûò         }
    828Ôûò     }

  1   vendor\laravel\framework\src\Illuminate\Database\Connection.php:824

  2   vendor\laravel\framework\src\Illuminate\Database\Connectors\Connector.php:66
      NunoMaduro\Collision\Exceptions\TestException::("could not find driver")

  ÔöÇÔöÇÔöÇÔöÇÔöÇÔöÇÔöÇÔöÇÔöÇÔöÇÔöÇÔöÇÔöÇÔöÇÔöÇÔöÇÔöÇÔöÇÔöÇÔöÇ  
   FÔÇª  QueryException   
  could not find driver (Connection: sqlite, SQL: select exists (select 1 from "main".sqlite_master where name = 'migrations' and type = 'table') as "exists")

  at vendor\laravel\framework\src\Illuminate\Database\Connection.php:824
    820Ôûò                     $this->getName(), $query, $this->prepareBindings($bindings), $e
    821Ôûò                 );
    822Ôûò             }
    823Ôûò 
  Ô×£ 824Ôûò             throw new QueryException(
    825Ôûò                 $this->getName(), $query, $this->prepareBindings($bindings), $e
    826Ôûò             );
    827Ôûò         }
    828Ôûò     }

  1   vendor\laravel\framework\src\Illuminate\Database\Connection.php:824

  2   vendor\laravel\framework\src\Illuminate\Database\Connectors\Connector.php:66
      NunoMaduro\Collision\Exceptions\TestException::("could not find driver")

  ÔöÇÔöÇÔöÇÔöÇÔöÇÔöÇÔöÇÔöÇÔöÇÔöÇÔöÇÔöÇÔöÇÔöÇÔöÇÔöÇÔöÇÔöÇÔöÇÔöÇ  
   FÔÇª  QueryException   
  could not find driver (Connection: sqlite, SQL: select exists (select 1 from "main".sqlite_master where name = 'migrations' and type = 'table') as "exists")

  at vendor\laravel\framework\src\Illuminate\Database\Connection.php:824
    820Ôûò                     $this->getName(), $query, $this->prepareBindings($bindings), $e
    821Ôûò                 );
    822Ôûò             }
    823Ôûò 
  Ô×£ 824Ôûò             throw new QueryException(
    825Ôûò                 $this->getName(), $query, $this->prepareBindings($bindings), $e
    826Ôûò             );
    827Ôûò         }
    828Ôûò     }

  1   vendor\laravel\framework\src\Illuminate\Database\Connection.php:824

  2   vendor\laravel\framework\src\Illuminate\Database\Connectors\Connector.php:66
      NunoMaduro\Collision\Exceptions\TestException::("could not find driver")

  ÔöÇÔöÇÔöÇÔöÇÔöÇÔöÇÔöÇÔöÇÔöÇÔöÇÔöÇÔöÇÔöÇÔöÇÔöÇÔöÇÔöÇÔöÇÔöÇÔöÇ  
   FÔÇª  QueryException   
  could not find driver (Connection: sqlite, SQL: select exists (select 1 from "main".sqlite_master where name = 'migrations' and type = 'table') as "exists")

  at vendor\laravel\framework\src\Illuminate\Database\Connection.php:824
    820Ôûò                     $this->getName(), $query, $this->prepareBindings($bindings), $e
    821Ôûò                 );
    822Ôûò             }
    823Ôûò 
  Ô×£ 824Ôûò             throw new QueryException(
    825Ôûò                 $this->getName(), $query, $this->prepareBindings($bindings), $e
    826Ôûò             );
    827Ôûò         }
    828Ôûò     }

  1   vendor\laravel\framework\src\Illuminate\Database\Connection.php:824

  2   vendor\laravel\framework\src\Illuminate\Database\Connectors\Connector.php:66
      NunoMaduro\Collision\Exceptions\TestException::("could not find driver")

  ÔöÇÔöÇÔöÇÔöÇÔöÇÔöÇÔöÇÔöÇÔöÇÔöÇÔöÇÔöÇÔöÇÔöÇÔöÇÔöÇÔöÇÔöÇÔöÇÔöÇ  
   FÔÇª  QueryException   
  could not find driver (Connection: sqlite, SQL: select exists (select 1 from "main".sqlite_master where name = 'migrations' and type = 'table') as "exists")

  at vendor\laravel\framework\src\Illuminate\Database\Connection.php:824
    820Ôûò                     $this->getName(), $query, $this->prepareBindings($bindings), $e
    821Ôûò                 );
    822Ôûò             }
    823Ôûò 
  Ô×£ 824Ôûò             throw new QueryException(
    825Ôûò                 $this->getName(), $query, $this->prepareBindings($bindings), $e
    826Ôûò             );
    827Ôûò         }
    828Ôûò     }

  1   vendor\laravel\framework\src\Illuminate\Database\Connection.php:824

  2   vendor\laravel\framework\src\Illuminate\Database\Connectors\Connector.php:66
      NunoMaduro\Collision\Exceptions\TestException::("could not find driver")


  Tests:    23 failed, 2 passed (2 assertions)
  Duration: 1.23s

